// Jest Snapshot v1, https://goo.gl/fbAQLP

exports[`non existing file 1`] = `
Object {
  "data": Object {
    "error": "{\\"errno\\":-2,\\"code\\":\\"ENOENT\\",\\"syscall\\":\\"open\\",\\"path\\":\\"\\"}",
    "fileName": "",
  },
  "level": 0,
  "message": "Cannot read file",
  "stack": undefined,
}
`;
